// Jest Snapshot v1, https://goo.gl/fbAQLP

exports[`Snapshot Testing 1`] = `
{
  "Outputs": {
    "Url": {
      "Value": {
        "Fn::Join": [
          "",
          [
            "https://",
            {
              "Ref": "recordsAPI217FECBD",
            },
            ".execute-api.",
            {
              "Ref": "AWS::Region",
            },
            ".",
            {
              "Ref": "AWS::URLSuffix",
            },
            "/",
            {
              "Ref": "recordsAPIDeploymentStageprodCE308A15",
            },
            "/",
          ],
        ],
      },
    },
    "recordsAPIEndpoint7CE9A2F5": {
      "Value": {
        "Fn::Join": [
          "",
          [
            "https://",
            {
              "Ref": "recordsAPI217FECBD",
            },
            ".execute-api.",
            {
              "Ref": "AWS::Region",
            },
            ".",
            {
              "Ref": "AWS::URLSuffix",
            },
            "/",
            {
              "Ref": "recordsAPIDeploymentStageprodCE308A15",
            },
            "/",
          ],
        ],
      },
    },
  },
  "Parameters": {
    "BootstrapVersion": {
      "Default": "/cdk-bootstrap/hnb659fds/version",
      "Description": "Version of the CDK Bootstrap resources in this environment, automatically retrieved from SSM Parameter Store. [cdk:skip]",
      "Type": "AWS::SSM::Parameter::Value<String>",
    },
  },
  "Resources": {
    "BodyRequestValidatorE3D5450A": {
      "Properties": {
        "RestApiId": {
          "Ref": "recordsAPI217FECBD",
        },
        "ValidateRequestBody": true,
      },
      "Type": "AWS::ApiGateway::RequestValidator",
    },
    "postLambdaE03F5E9F": {
      "DependsOn": [
        "postLambdaServiceRoleDefaultPolicy7705C00A",
        "postLambdaServiceRole3B04939D",
      ],
      "Properties": {
        "Code": {
          "S3Bucket": {
            "Fn::Sub": "cdk-hnb659fds-assets-\${AWS::AccountId}-\${AWS::Region}",
          },
          "S3Key": "8786ce2dbdb4878ec7a0a1eade0a6d39dcc941589ceb0af632067a175d8a20e9.zip",
        },
        "Environment": {
          "Variables": {
            "DYNAMODB_TABLE_NAME": {
              "Ref": "recordsTable65B95BD2",
            },
          },
        },
        "Handler": "post_lambda.lambda_handler",
        "Role": {
          "Fn::GetAtt": [
            "postLambdaServiceRole3B04939D",
            "Arn",
          ],
        },
        "Runtime": "python3.9",
      },
      "Type": "AWS::Lambda::Function",
    },
    "postLambdaServiceRole3B04939D": {
      "Properties": {
        "AssumeRolePolicyDocument": {
          "Statement": [
            {
              "Action": "sts:AssumeRole",
              "Effect": "Allow",
              "Principal": {
                "Service": "lambda.amazonaws.com",
              },
            },
          ],
          "Version": "2012-10-17",
        },
        "ManagedPolicyArns": [
          {
            "Fn::Join": [
              "",
              [
                "arn:",
                {
                  "Ref": "AWS::Partition",
                },
                ":iam::aws:policy/service-role/AWSLambdaBasicExecutionRole",
              ],
            ],
          },
        ],
      },
      "Type": "AWS::IAM::Role",
    },
    "postLambdaServiceRoleDefaultPolicy7705C00A": {
      "Properties": {
        "PolicyDocument": {
          "Statement": [
            {
              "Action": [
                "dynamodb:BatchWriteItem",
                "dynamodb:PutItem",
                "dynamodb:UpdateItem",
                "dynamodb:DeleteItem",
                "dynamodb:DescribeTable",
              ],
              "Effect": "Allow",
              "Resource": [
                {
                  "Fn::GetAtt": [
                    "recordsTable65B95BD2",
                    "Arn",
                  ],
                },
                {
                  "Ref": "AWS::NoValue",
                },
              ],
            },
          ],
          "Version": "2012-10-17",
        },
        "PolicyName": "postLambdaServiceRoleDefaultPolicy7705C00A",
        "Roles": [
          {
            "Ref": "postLambdaServiceRole3B04939D",
          },
        ],
      },
      "Type": "AWS::IAM::Policy",
    },
    "recordsAPI217FECBD": {
      "Properties": {
        "Name": "recordsAPI",
      },
      "Type": "AWS::ApiGateway::RestApi",
    },
    "recordsAPIAccount915CE1E4": {
      "DeletionPolicy": "Retain",
      "DependsOn": [
        "recordsAPI217FECBD",
      ],
      "Properties": {
        "CloudWatchRoleArn": {
          "Fn::GetAtt": [
            "recordsAPICloudWatchRoleD6620155",
            "Arn",
          ],
        },
      },
      "Type": "AWS::ApiGateway::Account",
      "UpdateReplacePolicy": "Retain",
    },
    "recordsAPICloudWatchRoleD6620155": {
      "DeletionPolicy": "Retain",
      "Properties": {
        "AssumeRolePolicyDocument": {
          "Statement": [
            {
              "Action": "sts:AssumeRole",
              "Effect": "Allow",
              "Principal": {
                "Service": "apigateway.amazonaws.com",
              },
            },
          ],
          "Version": "2012-10-17",
        },
        "ManagedPolicyArns": [
          {
            "Fn::Join": [
              "",
              [
                "arn:",
                {
                  "Ref": "AWS::Partition",
                },
                ":iam::aws:policy/service-role/AmazonAPIGatewayPushToCloudWatchLogs",
              ],
            ],
          },
        ],
      },
      "Type": "AWS::IAM::Role",
      "UpdateReplacePolicy": "Retain",
    },
    "recordsAPIDeployment330D9AFF832a8624fe33e45c926e3ad2d6f41e34": {
      "DependsOn": [
        "BodyRequestValidatorE3D5450A",
        "recordsAPIPOST43C8F23A",
        "recordsAPIRecordsRequestModel2D9FD179",
      ],
      "Properties": {
        "Description": "Automatically created by the RestApi construct",
        "RestApiId": {
          "Ref": "recordsAPI217FECBD",
        },
      },
      "Type": "AWS::ApiGateway::Deployment",
    },
    "recordsAPIDeploymentStageprodCE308A15": {
      "DependsOn": [
        "recordsAPIAccount915CE1E4",
      ],
      "Properties": {
        "DeploymentId": {
          "Ref": "recordsAPIDeployment330D9AFF832a8624fe33e45c926e3ad2d6f41e34",
        },
        "RestApiId": {
          "Ref": "recordsAPI217FECBD",
        },
        "StageName": "prod",
      },
      "Type": "AWS::ApiGateway::Stage",
    },
    "recordsAPIPOST43C8F23A": {
      "Properties": {
        "AuthorizationType": "NONE",
        "HttpMethod": "POST",
        "Integration": {
          "IntegrationHttpMethod": "POST",
          "Type": "AWS_PROXY",
          "Uri": {
            "Fn::Join": [
              "",
              [
                "arn:",
                {
                  "Ref": "AWS::Partition",
                },
                ":apigateway:",
                {
                  "Ref": "AWS::Region",
                },
                ":lambda:path/2015-03-31/functions/",
                {
                  "Fn::GetAtt": [
                    "postLambdaE03F5E9F",
                    "Arn",
                  ],
                },
                "/invocations",
              ],
            ],
          },
        },
        "RequestModels": {
          "application/json": {
            "Ref": "recordsAPIRecordsRequestModel2D9FD179",
          },
        },
        "RequestValidatorId": {
          "Ref": "BodyRequestValidatorE3D5450A",
        },
        "ResourceId": {
          "Fn::GetAtt": [
            "recordsAPI217FECBD",
            "RootResourceId",
          ],
        },
        "RestApiId": {
          "Ref": "recordsAPI217FECBD",
        },
      },
      "Type": "AWS::ApiGateway::Method",
    },
    "recordsAPIPOSTApiPermissionEntrixOrdersStackrecordsAPI8B9EB264POST9B5070E1": {
      "Properties": {
        "Action": "lambda:InvokeFunction",
        "FunctionName": {
          "Fn::GetAtt": [
            "postLambdaE03F5E9F",
            "Arn",
          ],
        },
        "Principal": "apigateway.amazonaws.com",
        "SourceArn": {
          "Fn::Join": [
            "",
            [
              "arn:",
              {
                "Ref": "AWS::Partition",
              },
              ":execute-api:",
              {
                "Ref": "AWS::Region",
              },
              ":",
              {
                "Ref": "AWS::AccountId",
              },
              ":",
              {
                "Ref": "recordsAPI217FECBD",
              },
              "/",
              {
                "Ref": "recordsAPIDeploymentStageprodCE308A15",
              },
              "/POST/",
            ],
          ],
        },
      },
      "Type": "AWS::Lambda::Permission",
    },
    "recordsAPIPOSTApiPermissionTestEntrixOrdersStackrecordsAPI8B9EB264POST078984F8": {
      "Properties": {
        "Action": "lambda:InvokeFunction",
        "FunctionName": {
          "Fn::GetAtt": [
            "postLambdaE03F5E9F",
            "Arn",
          ],
        },
        "Principal": "apigateway.amazonaws.com",
        "SourceArn": {
          "Fn::Join": [
            "",
            [
              "arn:",
              {
                "Ref": "AWS::Partition",
              },
              ":execute-api:",
              {
                "Ref": "AWS::Region",
              },
              ":",
              {
                "Ref": "AWS::AccountId",
              },
              ":",
              {
                "Ref": "recordsAPI217FECBD",
              },
              "/test-invoke-stage/POST/",
            ],
          ],
        },
      },
      "Type": "AWS::Lambda::Permission",
    },
    "recordsAPIRecordsRequestModel2D9FD179": {
      "Properties": {
        "ContentType": "application/json",
        "Name": "RecordsRequestModel",
        "RestApiId": {
          "Ref": "recordsAPI217FECBD",
        },
        "Schema": {
          "$schema": "http://json-schema.org/draft-04/schema#",
          "items": {
            "properties": {
              "record_id": {
                "type": "string",
              },
            },
            "required": [
              "record_id",
            ],
            "type": "object",
          },
          "type": "array",
        },
      },
      "Type": "AWS::ApiGateway::Model",
    },
    "recordsTable65B95BD2": {
      "DeletionPolicy": "Retain",
      "Properties": {
        "AttributeDefinitions": [
          {
            "AttributeName": "record_id",
            "AttributeType": "S",
          },
        ],
        "BillingMode": "PAY_PER_REQUEST",
        "KeySchema": [
          {
            "AttributeName": "record_id",
            "KeyType": "HASH",
          },
        ],
      },
      "Type": "AWS::DynamoDB::Table",
      "UpdateReplacePolicy": "Retain",
    },
  },
  "Rules": {
    "CheckBootstrapVersion": {
      "Assertions": [
        {
          "Assert": {
            "Fn::Not": [
              {
                "Fn::Contains": [
                  [
                    "1",
                    "2",
                    "3",
                    "4",
                    "5",
                  ],
                  {
                    "Ref": "BootstrapVersion",
                  },
                ],
              },
            ],
          },
          "AssertDescription": "CDK bootstrap stack version 6 required. Please run 'cdk bootstrap' with a recent version of the CDK CLI.",
        },
      ],
    },
  },
}
`;
